// Jest Snapshot v1, https://goo.gl/fbAQLP

exports[`Mission should render mission component 1`] = `[Function]`;
